2026-08-26 22:44:57,237 - aqt.main - INFO - installer 140325175445376 aqtinstall(aqt) v3.3.0 on Python 3.13.5 [CPython GCC 14.2.0]
2026-08-26 22:44:57,239 - aqt.helper - DEBUG - helper 140325175445376 Attempt to download checksum at https://download.qt.io/online/qtsdkrepository/linux_x64/desktop/qt6_673/Updates.xml.sha256
2026-08-26 22:45:01,668 - aqt.main - ERROR - installer 140325175445376 The packages ['qt_base', 'qtdeclarative'] were not found while parsing XML of package information!
==============================Suggested follow-up:==============================
* Please use 'aqt list-qt linux desktop --arch 6.7.3' to show architectures available.
* Please use 'aqt list-qt linux desktop --modules 6.7.3 <arch>' to show modules available.
2026-08-26 22:45:18,727 - aqt.helper - DEBUG - helper 140060727080832 Attempt to download checksum at https://download.qt.io/online/qtsdkrepository/linux_x64/desktop/qt6_673/Updates.xml.sha256
2026-08-26 22:45:29,645 - aqt.helper - DEBUG - helper 140104670705536 Attempt to download checksum at https://download.qt.io/online/qtsdkrepository/linux_x64/desktop/qt6_673/Updates.xml.sha256
2026-08-26 22:45:46,901 - aqt.main - INFO - installer 139759112353664 aqtinstall(aqt) v3.3.0 on Python 3.13.5 [CPython GCC 14.2.0]
2026-08-26 22:45:46,903 - aqt.helper - DEBUG - helper 139759112353664 Attempt to download checksum at https://download.qt.io/online/qtsdkrepository/linux_x64/desktop/qt6_673/Updates.xml.sha256
2026-08-26 22:45:52,611 - aqt.helper - DEBUG - helper 140032617777024 Attempt to download checksum at https://download.qt.io/online/qtsdkrepository/linux_x64/desktop/qt6_673/qt.qt6.673.linux_gcc_64/6.7.3-0-202409200836qtbase-Linux-RHEL_8_8-GCC-Linux-RHEL_8_8-X86_64.7z.sha256
2026-08-26 22:45:52,803 - aqt.helper - DEBUG - helper 140116364838784 Attempt to download checksum at https://download.qt.io/online/qtsdkrepository/linux_x64/desktop/qt6_673/qt.qt6.673.linux_gcc_64/6.7.3-0-202409200836qtsvg-Linux-RHEL_8_8-GCC-Linux-RHEL_8_8-X86_64.7z.sha256
2026-08-26 22:45:52,880 - aqt.helper - DEBUG - helper 140313578833792 Attempt to download checksum at https://download.qt.io/online/qtsdkrepository/linux_x64/desktop/qt6_673/qt.qt6.673.linux_gcc_64/6.7.3-0-202409200836qtdeclarative-Linux-RHEL_8_8-GCC-Linux-RHEL_8_8-X86_64.7z.sha256
2026-08-26 22:45:52,910 - aqt.helper - DEBUG - helper 140708883343232 Attempt to download checksum at https://download.qt.io/online/qtsdkrepository/linux_x64/desktop/qt6_673/qt.qt6.673.linux_gcc_64/6.7.3-0-202409200836qttools-Linux-RHEL_8_8-GCC-Linux-RHEL_8_8-X86_64.7z.sha256
2026-08-26 22:45:53,662 - aqt.helper - INFO - helper 140032617777024 Downloading qtbase...
2026-08-26 22:45:53,663 - aqt.installer - DEBUG - installer 140032617777024 Download URL: https://download.qt.io/online/qtsdkrepository/linux_x64/desktop/qt6_673/qt.qt6.673.linux_gcc_64/6.7.3-0-202409200836qtbase-Linux-RHEL_8_8-GCC-Linux-RHEL_8_8-X86_64.7z
2026-08-26 22:45:53,700 - aqt.helper - INFO - helper 140116364838784 Downloading qtsvg...
2026-08-26 22:45:53,701 - aqt.installer - DEBUG - installer 140116364838784 Download URL: https://download.qt.io/online/qtsdkrepository/linux_x64/desktop/qt6_673/qt.qt6.673.linux_gcc_64/6.7.3-0-202409200836qtsvg-Linux-RHEL_8_8-GCC-Linux-RHEL_8_8-X86_64.7z
2026-08-26 22:45:53,948 - aqt.helper - INFO - helper 140313578833792 Downloading qtdeclarative...
2026-08-26 22:45:53,951 - aqt.installer - DEBUG - installer 140313578833792 Download URL: https://download.qt.io/online/qtsdkrepository/linux_x64/desktop/qt6_673/qt.qt6.673.linux_gcc_64/6.7.3-0-202409200836qtdeclarative-Linux-RHEL_8_8-GCC-Linux-RHEL_8_8-X86_64.7z
2026-08-26 22:45:53,976 - aqt.helper - INFO - helper 140708883343232 Downloading qttools...
2026-08-26 22:45:53,977 - aqt.installer - DEBUG - installer 140708883343232 Download URL: https://download.qt.io/online/qtsdkrepository/linux_x64/desktop/qt6_673/qt.qt6.673.linux_gcc_64/6.7.3-0-202409200836qttools-Linux-RHEL_8_8-GCC-Linux-RHEL_8_8-X86_64.7z
2026-08-26 22:45:54,640 - aqt.helper - DEBUG - helper 140032617777024 Asked to redirect(302) to: https://ftp.jaist.ac.jp/pub/qtproject/online/qtsdkrepository/linux_x64/desktop/qt6_673/qt.qt6.673.linux_gcc_64/6.7.3-0-202409200836qtbase-Linux-RHEL_8_8-GCC-Linux-RHEL_8_8-X86_64.7z
2026-08-26 22:45:54,641 - aqt.helper - INFO - helper 140032617777024 Redirected: ftp.jaist.ac.jp
2026-08-26 22:45:54,883 - aqt.helper - DEBUG - helper 140116364838784 Asked to redirect(302) to: https://ftp.jaist.ac.jp/pub/qtproject/online/qtsdkrepository/linux_x64/desktop/qt6_673/qt.qt6.673.linux_gcc_64/6.7.3-0-202409200836qtsvg-Linux-RHEL_8_8-GCC-Linux-RHEL_8_8-X86_64.7z
2026-08-26 22:45:54,883 - aqt.helper - INFO - helper 140116364838784 Redirected: ftp.jaist.ac.jp
2026-08-26 22:45:56,058 - aqt.helper - DEBUG - helper 140708883343232 Asked to redirect(302) to: https://ftp.jaist.ac.jp/pub/qtproject/online/qtsdkrepository/linux_x64/desktop/qt6_673/qt.qt6.673.linux_gcc_64/6.7.3-0-202409200836qttools-Linux-RHEL_8_8-GCC-Linux-RHEL_8_8-X86_64.7z
2026-08-26 22:45:56,060 - aqt.helper - INFO - helper 140708883343232 Redirected: ftp.jaist.ac.jp
2026-08-26 22:45:56,122 - aqt.helper - DEBUG - helper 140313578833792 Asked to redirect(302) to: https://ftp.jaist.ac.jp/pub/qtproject/online/qtsdkrepository/linux_x64/desktop/qt6_673/qt.qt6.673.linux_gcc_64/6.7.3-0-202409200836qtdeclarative-Linux-RHEL_8_8-GCC-Linux-RHEL_8_8-X86_64.7z
2026-08-26 22:45:56,122 - aqt.helper - INFO - helper 140313578833792 Redirected: ftp.jaist.ac.jp
2026-08-26 22:46:00,198 - aqt.installer - INFO - installer 140116364838784 Finished installation of qtsvg-Linux-RHEL_8_8-GCC-Linux-RHEL_8_8-X86_64.7z in 7.39970459
2026-08-26 22:46:00,245 - aqt.helper - DEBUG - helper 140116364838784 Attempt to download checksum at https://download.qt.io/online/qtsdkrepository/linux_x64/desktop/qt6_673/qt.qt6.673.linux_gcc_64/6.7.3-0-202409200836qttranslations-Linux-RHEL_8_8-GCC-Linux-RHEL_8_8-X86_64.7z.sha256
2026-08-26 22:46:01,145 - aqt.helper - INFO - helper 140116364838784 Downloading qttranslations...
2026-08-26 22:46:01,146 - aqt.installer - DEBUG - installer 140116364838784 Download URL: https://download.qt.io/online/qtsdkrepository/linux_x64/desktop/qt6_673/qt.qt6.673.linux_gcc_64/6.7.3-0-202409200836qttranslations-Linux-RHEL_8_8-GCC-Linux-RHEL_8_8-X86_64.7z
2026-08-26 22:46:02,123 - aqt.helper - DEBUG - helper 140116364838784 Asked to redirect(302) to: https://ftp.jaist.ac.jp/pub/qtproject/online/qtsdkrepository/linux_x64/desktop/qt6_673/qt.qt6.673.linux_gcc_64/6.7.3-0-202409200836qttranslations-Linux-RHEL_8_8-GCC-Linux-RHEL_8_8-X86_64.7z
2026-08-26 22:46:02,125 - aqt.helper - INFO - helper 140116364838784 Redirected: ftp.jaist.ac.jp
2026-08-26 22:46:53,816 - aqt.installer - INFO - installer 140116364838784 Finished installation of qttranslations-Linux-RHEL_8_8-GCC-Linux-RHEL_8_8-X86_64.7z in 53.57643702
2026-08-26 22:46:53,841 - aqt.helper - DEBUG - helper 140116364838784 Attempt to download checksum at https://download.qt.io/online/qtsdkrepository/linux_x64/desktop/qt6_673/qt.qt6.673.linux_gcc_64/6.7.3-0-202409200836qtwayland-Linux-RHEL_8_8-GCC-Linux-RHEL_8_8-X86_64.7z.sha256
2026-08-26 22:46:54,728 - aqt.helper - INFO - helper 140116364838784 Downloading qtwayland...
2026-08-26 22:46:54,729 - aqt.installer - DEBUG - installer 140116364838784 Download URL: https://download.qt.io/online/qtsdkrepository/linux_x64/desktop/qt6_673/qt.qt6.673.linux_gcc_64/6.7.3-0-202409200836qtwayland-Linux-RHEL_8_8-GCC-Linux-RHEL_8_8-X86_64.7z
2026-08-26 22:46:55,650 - aqt.helper - DEBUG - helper 140116364838784 Asked to redirect(302) to: https://ftp.jaist.ac.jp/pub/qtproject/online/qtsdkrepository/linux_x64/desktop/qt6_673/qt.qt6.673.linux_gcc_64/6.7.3-0-202409200836qtwayland-Linux-RHEL_8_8-GCC-Linux-RHEL_8_8-X86_64.7z
2026-08-26 22:46:55,651 - aqt.helper - INFO - helper 140116364838784 Redirected: ftp.jaist.ac.jp
2026-08-26 22:47:18,795 - aqt.installer - INFO - installer 140116364838784 Finished installation of qtwayland-Linux-RHEL_8_8-GCC-Linux-RHEL_8_8-X86_64.7z in 24.95878786
2026-08-26 22:47:18,824 - aqt.helper - DEBUG - helper 140116364838784 Attempt to download checksum at https://download.qt.io/online/qtsdkrepository/linux_x64/desktop/qt6_673/qt.qt6.673.linux_gcc_64/6.7.3-0-202409200836icu-linux-Rhel8.6-x86_64.7z.sha256
2026-08-26 22:47:19,665 - aqt.helper - INFO - helper 140116364838784 Downloading icu...
2026-08-26 22:47:19,665 - aqt.installer - DEBUG - installer 140116364838784 Download URL: https://download.qt.io/online/qtsdkrepository/linux_x64/desktop/qt6_673/qt.qt6.673.linux_gcc_64/6.7.3-0-202409200836icu-linux-Rhel8.6-x86_64.7z
2026-08-26 22:47:20,587 - aqt.helper - DEBUG - helper 140116364838784 Asked to redirect(302) to: https://ftp.jaist.ac.jp/pub/qtproject/online/qtsdkrepository/linux_x64/desktop/qt6_673/qt.qt6.673.linux_gcc_64/6.7.3-0-202409200836icu-linux-Rhel8.6-x86_64.7z
2026-08-26 22:47:20,588 - aqt.helper - INFO - helper 140116364838784 Redirected: ftp.jaist.ac.jp
2026-08-26 22:52:10,793 - aqt.helper - DEBUG - helper 140493162243968 Attempt to download checksum at https://download.qt.io/online/qtsdkrepository/linux_x64/desktop/qt6_673/Updates.xml.sha256
2026-08-26 22:52:25,512 - aqt.main - INFO - installer 140421182211968 aqtinstall(aqt) v3.3.0 on Python 3.13.5 [CPython GCC 14.2.0]
2026-08-26 22:52:25,513 - aqt.helper - DEBUG - helper 140421182211968 Attempt to download checksum at https://download.qt.io/online/qtsdkrepository/linux_x64/desktop/qt6_673/Updates.xml.sha256
2026-08-26 22:52:28,904 - aqt.main - ERROR - installer 140421182211968 The packages ['qtdeclarative'] were not found while parsing XML of package information!
==============================Suggested follow-up:==============================
* Please use 'aqt list-qt linux desktop --modules 6.7.3 <arch>' to show modules available.
2026-08-26 22:52:35,764 - aqt.helper - DEBUG - helper 140399418754944 Attempt to download checksum at https://download.qt.io/online/qtsdkrepository/linux_x64/desktop/qt6_673/Updates.xml.sha256
2026-08-26 22:54:23,409 - aqt.main - INFO - installer 140192474417024 aqtinstall(aqt) v3.3.0 on Python 3.13.5 [CPython GCC 14.2.0]
2026-08-26 22:54:23,410 - aqt.helper - DEBUG - helper 140192474417024 Attempt to download checksum at https://download.qt.io/online/qtsdkrepository/linux_x64/desktop/qt6_673/Updates.xml.sha256
2026-08-26 22:54:27,175 - aqt.helper - DEBUG - helper 140142403442560 Attempt to download checksum at https://download.qt.io/online/qtsdkrepository/linux_x64/desktop/qt6_673/qt.qt6.673.linux_gcc_64/6.7.3-0-202409200836qtbase-Linux-RHEL_8_8-GCC-Linux-RHEL_8_8-X86_64.7z.sha256
2026-08-26 22:54:27,280 - aqt.helper - DEBUG - helper 140137475057536 Attempt to download checksum at https://download.qt.io/online/qtsdkrepository/linux_x64/desktop/qt6_673/qt.qt6.673.linux_gcc_64/6.7.3-0-202409200836qtdeclarative-Linux-RHEL_8_8-GCC-Linux-RHEL_8_8-X86_64.7z.sha256
2026-08-26 22:54:28,087 - aqt.helper - INFO - helper 140142403442560 Downloading qtbase...
2026-08-26 22:54:28,087 - aqt.installer - DEBUG - installer 140142403442560 Download URL: https://download.qt.io/online/qtsdkrepository/linux_x64/desktop/qt6_673/qt.qt6.673.linux_gcc_64/6.7.3-0-202409200836qtbase-Linux-RHEL_8_8-GCC-Linux-RHEL_8_8-X86_64.7z
2026-08-26 22:54:29,018 - aqt.helper - INFO - helper 140137475057536 Downloading qtdeclarative...
2026-08-26 22:54:29,020 - aqt.installer - DEBUG - installer 140137475057536 Download URL: https://download.qt.io/online/qtsdkrepository/linux_x64/desktop/qt6_673/qt.qt6.673.linux_gcc_64/6.7.3-0-202409200836qtdeclarative-Linux-RHEL_8_8-GCC-Linux-RHEL_8_8-X86_64.7z
2026-08-26 22:54:29,271 - aqt.helper - DEBUG - helper 140142403442560 Asked to redirect(302) to: https://ftp.jaist.ac.jp/pub/qtproject/online/qtsdkrepository/linux_x64/desktop/qt6_673/qt.qt6.673.linux_gcc_64/6.7.3-0-202409200836qtbase-Linux-RHEL_8_8-GCC-Linux-RHEL_8_8-X86_64.7z
2026-08-26 22:54:29,272 - aqt.helper - INFO - helper 140142403442560 Redirected: ftp.jaist.ac.jp
2026-08-26 22:54:29,873 - aqt.helper - DEBUG - helper 140137475057536 Asked to redirect(302) to: https://ftp.jaist.ac.jp/pub/qtproject/online/qtsdkrepository/linux_x64/desktop/qt6_673/qt.qt6.673.linux_gcc_64/6.7.3-0-202409200836qtdeclarative-Linux-RHEL_8_8-GCC-Linux-RHEL_8_8-X86_64.7z
2026-08-26 22:54:29,873 - aqt.helper - INFO - helper 140137475057536 Redirected: ftp.jaist.ac.jp
